
> roombee@0.0.0 build
> tsc -b && vite build

vite v8.0.2 building client environment for production...
[2Ktransforming...✓ 21 modules transformed.
✗ Build failed in 50ms
error during build:
Build failed with 1 error:

[plugin @tailwindcss/vite:generate:build] /Users/emrahcahitoezer/Downloads/stitch(1)/roombee/src/index.css
Error: Can't resolve '@tailwindcss/forms' in '/Users/emrahcahitoezer/Downloads/stitch(1)/roombee/src'
    at finishWithoutResolve (/Users/emrahcahitoezer/Downloads/stitch(1)/roombee/node_modules/enhanced-resolve/lib/Resolver.js:587:18)
    at /Users/emrahcahitoezer/Downloads/stitch(1)/roombee/node_modules/enhanced-resolve/lib/Resolver.js:679:14
    at /Users/emrahcahitoezer/Downloads/stitch(1)/roombee/node_modules/enhanced-resolve/lib/Resolver.js:740:5
    at eval (eval at create (/Users/emrahcahitoezer/Downloads/stitch(1)/roombee/node_modules/tapable/lib/HookCodeFactory.js:31:10), <anonymous>:15:1)
    at /Users/emrahcahitoezer/Downloads/stitch(1)/roombee/node_modules/enhanced-resolve/lib/Resolver.js:740:5
    at eval (eval at create (/Users/emrahcahitoezer/Downloads/stitch(1)/roombee/node_modules/tapable/lib/HookCodeFactory.js:31:10), <anonymous>:27:1)
    at /Users/emrahcahitoezer/Downloads/stitch(1)/roombee/node_modules/enhanced-resolve/lib/DescriptionFilePlugin.js:89:43
    at /Users/emrahcahitoezer/Downloads/stitch(1)/roombee/node_modules/enhanced-resolve/lib/Resolver.js:740:5
    at eval (eval at create (/Users/emrahcahitoezer/Downloads/stitch(1)/roombee/node_modules/tapable/lib/HookCodeFactory.js:31:10), <anonymous>:15:1)
    at /Users/emrahcahitoezer/Downloads/stitch(1)/roombee/node_modules/enhanced-resolve/lib/Resolver.js:740:5
    at aggregateBindingErrorsIntoJsError (file:///Users/emrahcahitoezer/Downloads/stitch(1)/roombee/node_modules/rolldown/dist/shared/error-D8cGyrC7.mjs:48:18)
    at unwrapBindingResult (file:///Users/emrahcahitoezer/Downloads/stitch(1)/roombee/node_modules/rolldown/dist/shared/error-D8cGyrC7.mjs:18:128)
    at #build (file:///Users/emrahcahitoezer/Downloads/stitch(1)/roombee/node_modules/rolldown/dist/shared/rolldown-build-CL9PyQ2E.mjs:3313:34)
    at async buildEnvironment (file:///Users/emrahcahitoezer/Downloads/stitch(1)/roombee/node_modules/vite/dist/node/chunks/node.js:32829:64)
    at async Object.build (file:///Users/emrahcahitoezer/Downloads/stitch(1)/roombee/node_modules/vite/dist/node/chunks/node.js:33251:19)
    at async Object.buildApp (file:///Users/emrahcahitoezer/Downloads/stitch(1)/roombee/node_modules/vite/dist/node/chunks/node.js:33248:153)
    at async CAC.<anonymous> (file:///Users/emrahcahitoezer/Downloads/stitch(1)/roombee/node_modules/vite/dist/node/cli.js:778:3) {
  errors: [Getter/Setter]
}
